2025-05-06 09:19:23,875 - config - INFO - Voices fetched successfully
2025-05-06 09:19:31,630 - config - INFO - Avatars fetched successfully
2025-05-06 09:19:33,828 - config - INFO - Voices fetched successfully
2025-05-06 09:19:39,689 - config - INFO - Avatars fetched successfully
2025-05-06 09:19:50,952 - config - INFO - File uploaded successfully: Sample 3.pptx
2025-05-06 09:19:51,357 - config - INFO - File processed successfully: Sample 3.pptx
2025-05-06 09:19:55,295 - config - INFO - Extracted slide 1 with title: AI – Use Cases
2025-05-06 09:19:55,587 - config - INFO - Extracted slide 2 with title: None
2025-05-06 09:19:55,786 - config - INFO - Extracted slide 3 with title: None
2025-05-06 09:19:55,788 - config - INFO - Extracted slide 4 with title: Thank you
2025-05-06 09:20:17,660 - config - INFO - Logo uploaded successfully to Cloudinary: https://res.cloudinary.com/daweb5icr/image/upload/v1746512415/logos/23d864fb-c3d7-4ed6-9724-fbefff98b2a2.png
2025-05-06 09:20:25,301 - config - INFO - Generated 7 scenes for file 3e85d63c-200b-49da-8cee-1f5b53b58a55.pptx.
2025-05-06 09:20:58,452 - config - INFO - Image generated and uploaded successfully: https://res.cloudinary.com/daweb5icr/image/upload/v1746512456/generated_images/hbqph11iz6oytaqxttqg.png
2025-05-06 09:21:06,461 - config - INFO - Image generated and uploaded successfully: https://res.cloudinary.com/daweb5icr/image/upload/v1746512464/generated_images/oufggcrqymsmrdcyi3xc.png
2025-05-06 09:21:08,849 - config - INFO - Image generated and uploaded successfully: https://res.cloudinary.com/daweb5icr/image/upload/v1746512466/generated_images/jqyq6rp2gwvp9mbryaeq.png
2025-05-06 09:21:11,273 - config - INFO - Image generated and uploaded successfully: https://res.cloudinary.com/daweb5icr/image/upload/v1746512469/generated_images/wc8dhzg9v31v4oyswduy.png
2025-05-06 09:21:13,975 - config - INFO - Image generated and uploaded successfully: https://res.cloudinary.com/daweb5icr/image/upload/v1746512471/generated_images/olcp6sylfngupoozt6ql.png
2025-05-06 09:21:17,742 - config - INFO - Image generated and uploaded successfully: https://res.cloudinary.com/daweb5icr/image/upload/v1746512475/generated_images/xdeezkyytvfp9o9t0huh.png
2025-05-06 09:21:21,345 - config - INFO - Image generated and uploaded successfully: https://res.cloudinary.com/daweb5icr/image/upload/v1746512479/generated_images/i4bymybeznks6h3oq1al.png
2025-05-06 09:48:35,826 - config - INFO - Avatars fetched successfully
2025-05-06 09:48:38,074 - config - INFO - Voices fetched successfully
2025-05-06 09:48:44,050 - config - INFO - Avatars fetched successfully
2025-05-06 09:48:46,433 - config - INFO - Voices fetched successfully
2025-05-06 09:51:44,248 - config - INFO - File uploaded successfully: test_ppt.ppt
2025-05-06 09:51:44,300 - config - ERROR - Error processing file: Error processing PowerPoint file: "no relationship of type 'http://schemas.openxmlformats.org/officeDocument/2006/relationships/officeDocument' in collection"
2025-05-06 09:54:06,388 - config - INFO - Avatars fetched successfully
2025-05-06 09:54:08,667 - config - INFO - Voices fetched successfully
2025-05-06 09:54:10,926 - config - INFO - Voices fetched successfully
2025-05-06 09:54:17,725 - config - INFO - Avatars fetched successfully
2025-05-06 10:01:03,586 - config - INFO - File uploaded successfully: test_ppt.ppt
2025-05-06 10:01:03,600 - config - ERROR - Error processing file: Error processing PowerPoint file: "no relationship of type 'http://schemas.openxmlformats.org/officeDocument/2006/relationships/officeDocument' in collection"
2025-05-06 10:06:08,603 - config - INFO - File uploaded successfully: test_ppt.ppt
2025-05-06 10:06:08,633 - config - ERROR - Error processing file: Error processing PowerPoint file: "no relationship of type 'http://schemas.openxmlformats.org/officeDocument/2006/relationships/officeDocument' in collection"
2025-05-06 10:30:52,623 - config - INFO - File uploaded successfully: test_ppt.ppt
2025-05-06 10:30:52,654 - config - ERROR - Error processing file: Error processing PowerPoint file: "no relationship of type 'http://schemas.openxmlformats.org/officeDocument/2006/relationships/officeDocument' in collection"
2025-05-06 10:31:29,671 - config - INFO - Avatars fetched successfully
2025-05-06 10:31:38,020 - config - INFO - Avatars fetched successfully
2025-05-06 10:31:40,451 - config - INFO - Voices fetched successfully
2025-05-06 10:31:42,840 - config - INFO - Voices fetched successfully
2025-05-06 10:34:13,888 - config - INFO - File uploaded successfully: test_ppt.ppt
2025-05-06 10:34:13,916 - config - ERROR - Error processing file: Error processing PowerPoint file: "no relationship of type 'http://schemas.openxmlformats.org/officeDocument/2006/relationships/officeDocument' in collection"
2025-05-06 10:57:24,675 - config - INFO - Avatars fetched successfully
2025-05-06 10:57:27,281 - config - INFO - Voices fetched successfully
2025-05-06 10:57:34,389 - config - INFO - Avatars fetched successfully
2025-05-06 10:57:36,902 - config - INFO - Voices fetched successfully
2025-05-06 10:57:43,163 - config - INFO - File uploaded successfully: test_ppt.ppt
2025-05-06 10:58:08,072 - config - ERROR - Error processing file: Error processing PowerPoint file: (-2147188160, None, ('Application (unknown member) : Invalid request.  Hiding the application window is not allowed.', 'Microsoft PowerPoint', '', 0, None))
2025-05-06 11:02:52,561 - config - INFO - Voices fetched successfully
2025-05-06 11:03:00,798 - config - INFO - Avatars fetched successfully
2025-05-06 11:03:03,219 - config - INFO - Voices fetched successfully
2025-05-06 11:03:25,273 - config - INFO - Avatars fetched successfully
2025-05-06 11:03:35,636 - config - INFO - File uploaded successfully: test_ppt.ppt
2025-05-06 11:03:38,250 - config - INFO - File processed successfully: test_ppt.ppt
2025-05-06 11:03:52,958 - config - ERROR - Error extracting content from 9f67f9d5-8e02-42dd-9440-767727e8a772.ppt: "no relationship of type 'http://schemas.openxmlformats.org/officeDocument/2006/relationships/officeDocument' in collection"
2025-05-06 11:17:29,893 - config - INFO - Avatars fetched successfully
2025-05-06 11:17:42,386 - config - INFO - Voices fetched successfully
2025-05-06 11:17:50,298 - config - INFO - Avatars fetched successfully
2025-05-06 11:17:52,661 - config - INFO - Voices fetched successfully
2025-05-06 11:17:58,756 - config - INFO - File uploaded successfully: test_ppt.ppt
2025-05-06 11:18:01,391 - config - INFO - File processed successfully: test_ppt.ppt
2025-05-06 11:18:08,394 - config - ERROR - Failed to convert .ppt to .pptx: 'function' object has no attribute 'clear_cache'
2025-05-06 11:18:08,394 - config - ERROR - Error extracting content from d7db2760-6402-4349-a1a3-3d9852a0a2c5.ppt: 400: Failed to process .ppt file. Please convert to .pptx format and try again.
2025-05-06 11:23:56,330 - config - INFO - Voices fetched successfully
2025-05-06 11:24:04,710 - config - INFO - Avatars fetched successfully
2025-05-06 11:24:07,243 - config - INFO - Voices fetched successfully
2025-05-06 11:24:15,080 - config - INFO - Avatars fetched successfully
2025-05-06 11:24:25,493 - config - INFO - File uploaded successfully: test_ppt.ppt
2025-05-06 11:24:28,005 - config - INFO - File processed successfully: test_ppt.ppt
2025-05-06 11:24:30,721 - config - INFO - Processing 0f793f57-fb04-4c0c-afdb-fe66bab02f15.ppt as PPTX
2025-05-06 11:24:30,722 - config - ERROR - Error extracting content from 0f793f57-fb04-4c0c-afdb-fe66bab02f15.ppt: "no relationship of type 'http://schemas.openxmlformats.org/officeDocument/2006/relationships/officeDocument' in collection"
2025-05-06 11:28:01,261 - config - INFO - Voices fetched successfully
2025-05-06 11:28:09,156 - config - INFO - Avatars fetched successfully
2025-05-06 11:28:11,581 - config - INFO - Voices fetched successfully
2025-05-06 11:28:20,162 - config - INFO - Avatars fetched successfully
2025-05-06 11:30:47,523 - config - INFO - File uploaded successfully: test_ppt.ppt
2025-05-06 11:30:50,325 - config - INFO - File processed successfully: test_ppt.ppt
2025-05-06 11:31:25,813 - config - INFO - Detected .ppt file: 07c72f0a-d2d1-4ba4-84df-96d003448c14.ppt. Starting conversion.
2025-05-06 11:31:25,814 - config - INFO - Attempting conversion of temp_uploads\07c72f0a-d2d1-4ba4-84df-96d003448c14.ppt to PPTX format.
2025-05-06 11:31:25,834 - config - ERROR - LibreOffice command not found. Make sure LibreOffice is installed and in the system's PATH.
2025-05-06 11:31:25,834 - config - ERROR - Error extracting content from 07c72f0a-d2d1-4ba4-84df-96d003448c14.ppt (processing temp_uploads\07c72f0a-d2d1-4ba4-84df-96d003448c14.ppt): 500: Server configuration error: LibreOffice not found.
Traceback (most recent call last):
  File "E:\TopCoder\Video-generator\server\routes\extract.py", line 42, in convert_ppt_to_pptx
    result = subprocess.run(command, capture_output=True, text=True, check=True, timeout=120) # Added timeout
             ^^^^^^^^^^^^^^^^^^^^^^^^^^^^^^^^^^^^^^^^^^^^^^^^^^^^^^^^^^^^^^^^^^^^^^^^^^^^^^^^
  File "C:\Users\Tsegaye\anaconda3\Lib\subprocess.py", line 548, in run
    with Popen(*popenargs, **kwargs) as process:
         ^^^^^^^^^^^^^^^^^^^^^^^^^^^
  File "C:\Users\Tsegaye\anaconda3\Lib\subprocess.py", line 1026, in __init__
    self._execute_child(args, executable, preexec_fn, close_fds,
  File "C:\Users\Tsegaye\anaconda3\Lib\subprocess.py", line 1538, in _execute_child
    hp, ht, pid, tid = _winapi.CreateProcess(executable, args,
                       ^^^^^^^^^^^^^^^^^^^^^^^^^^^^^^^^^^^^^^^
FileNotFoundError: [WinError 2] The system cannot find the file specified

During handling of the above exception, another exception occurred:

Traceback (most recent call last):
  File "E:\TopCoder\Video-generator\server\routes\extract.py", line 104, in extract_content
    converted_file_path = convert_ppt_to_pptx(original_file_path, temp_conversion_dir)
                          ^^^^^^^^^^^^^^^^^^^^^^^^^^^^^^^^^^^^^^^^^^^^^^^^^^^^^^^^^^^^
  File "E:\TopCoder\Video-generator\server\routes\extract.py", line 63, in convert_ppt_to_pptx
    raise HTTPException(status_code=500, detail="Server configuration error: LibreOffice not found.")
fastapi.exceptions.HTTPException: 500: Server configuration error: LibreOffice not found.
2025-05-06 11:31:25,845 - config - INFO - Removed temporary conversion directory: E:\TopCoder\Video-generator\server\temp_uploads\conv_4oacumpo
2025-05-06 11:57:49,477 - config - WARNING - jpype or Apache POI not installed. .ppt files will not be processed.
2025-05-06 11:58:03,805 - config - INFO - Voices fetched successfully
2025-05-06 11:58:12,150 - config - INFO - Avatars fetched successfully
2025-05-06 11:58:15,015 - config - INFO - Voices fetched successfully
2025-05-06 11:58:22,273 - config - INFO - Avatars fetched successfully
2025-05-06 11:59:31,049 - config - INFO - File uploaded successfully: test_ppt.ppt
2025-05-06 11:59:33,313 - config - INFO - File processed successfully: test_ppt.ppt
2025-05-06 11:59:37,480 - config - ERROR - Error extracting content from 3f525ea2-0a07-4e32-bdba-63c9a3e6bee2.ppt (ppt): 500: Apache POI is not available for .ppt processing.
2025-05-06 12:12:24,018 - config - WARNING - jpype or Apache POI not installed. .ppt files will not be processed.
2025-05-06 12:21:41,476 - config - INFO - Avatars fetched successfully
2025-05-06 12:21:43,717 - config - INFO - Voices fetched successfully
2025-05-06 12:21:52,108 - config - INFO - Avatars fetched successfully
2025-05-06 12:21:54,383 - config - INFO - Voices fetched successfully
2025-05-06 12:22:05,284 - config - INFO - File uploaded successfully: test_ppt.ppt
2025-05-06 12:22:08,089 - config - INFO - File processed successfully: test_ppt.ppt
2025-05-06 12:22:11,564 - config - INFO - Converted d8e5f86b-850c-45ca-bce3-5ea57d58dc25.ppt to PPTX: temp_uploads\d8e5f86b-850c-45ca-bce3-5ea57d58dc25.pptx
2025-05-06 12:22:11,649 - config - INFO - Extracted slide 1 with title: None
2025-05-06 12:22:11,690 - config - INFO - Extracted slide 2 with title: None
2025-05-06 12:22:11,692 - config - INFO - Extracted slide 3 with title: None
2025-05-06 12:22:11,697 - config - INFO - Extracted slide 4 with title: None
2025-05-06 12:22:11,703 - config - INFO - Extracted slide 5 with title: None
2025-05-06 12:22:11,703 - config - INFO - Cleaned up converted file: temp_uploads\d8e5f86b-850c-45ca-bce3-5ea57d58dc25.pptx
2025-05-06 12:26:40,071 - config - INFO - Avatars fetched successfully
2025-05-06 12:26:42,380 - config - INFO - Voices fetched successfully
2025-05-06 12:26:50,665 - config - INFO - Avatars fetched successfully
2025-05-06 12:26:53,790 - config - INFO - Voices fetched successfully
2025-05-06 12:27:00,679 - config - INFO - File uploaded successfully: test_ppt.ppt
2025-05-06 12:27:01,937 - config - INFO - Converted test_ppt.ppt to PPTX: 94f1dc24-9e6c-460f-bce3-71fc9898967f.pptx
2025-05-06 12:27:01,976 - config - INFO - Cleaned up original file: temp_uploads\cba187a0-2642-4efb-95f0-2219b25b63d9.ppt
2025-05-06 12:27:01,977 - config - INFO - Cleaned up converted file: temp_uploads\94f1dc24-9e6c-460f-bce3-71fc9898967f.pptx
2025-05-06 12:27:01,978 - config - INFO - File processed successfully: test_ppt.ppt
2025-05-06 12:27:06,923 - config - WARNING - File not found: cba187a0-2642-4efb-95f0-2219b25b63d9.ppt
2025-05-06 12:31:21,646 - config - INFO - Avatars fetched successfully
2025-05-06 12:31:23,988 - config - INFO - Voices fetched successfully
2025-05-06 12:31:32,207 - config - INFO - Avatars fetched successfully
2025-05-06 12:31:34,554 - config - INFO - Voices fetched successfully
2025-05-06 12:31:47,219 - config - INFO - File uploaded successfully: test_ppt.ppt
2025-05-06 12:31:48,415 - config - INFO - Converted test_ppt.ppt to PPTX: b0f1b4f1-df72-4e13-a34d-9b3addb71103.pptx
2025-05-06 12:31:48,451 - config - INFO - File processed successfully: test_ppt.ppt
2025-05-06 12:31:50,372 - config - ERROR - Error converting PPT to PPTX for fc239df0-25b2-4333-b23e-78697aec82fa.ppt: name 'uuid' is not defined
2025-05-06 12:32:35,884 - config - INFO - Avatars fetched successfully
2025-05-06 12:32:38,260 - config - INFO - Voices fetched successfully
2025-05-06 12:33:00,739 - config - INFO - Avatars fetched successfully
2025-05-06 12:33:03,013 - config - INFO - Voices fetched successfully
2025-05-06 12:33:11,898 - config - INFO - File uploaded successfully: test_ppt.ppt
2025-05-06 12:33:13,032 - config - INFO - Converted test_ppt.ppt to PPTX: 0a711ed3-eb32-4e34-89e9-8f75a622463c.pptx
2025-05-06 12:33:13,074 - config - INFO - File processed successfully: test_ppt.ppt
2025-05-06 12:33:15,354 - config - INFO - Converted 3f219f6d-2813-41e5-906b-92b9a4053b7f.ppt to PPTX: 06b2d7b4-006f-4e32-862b-4409852759a5.pptx
2025-05-06 12:33:15,388 - config - INFO - Extracted slide 1 with title: None
2025-05-06 12:33:15,417 - config - INFO - Extracted slide 2 with title: None
2025-05-06 12:33:15,418 - config - INFO - Extracted slide 3 with title: None
2025-05-06 12:33:15,422 - config - INFO - Extracted slide 4 with title: None
2025-05-06 12:33:15,428 - config - INFO - Extracted slide 5 with title: None
2025-05-06 12:33:15,429 - config - INFO - Cleaned up original file: temp_uploads\3f219f6d-2813-41e5-906b-92b9a4053b7f.ppt
2025-05-06 12:33:15,430 - config - INFO - Cleaned up converted file: temp_uploads\06b2d7b4-006f-4e32-862b-4409852759a5.pptx
2025-05-06 12:33:26,016 - config - INFO - Logo uploaded successfully to Cloudinary: https://res.cloudinary.com/daweb5icr/image/upload/v1746524005/logos/357772f6-4dad-479c-ba5c-772866324bc0.png
2025-05-06 12:33:37,564 - config - INFO - Generated 12 scenes for file 3f219f6d-2813-41e5-906b-92b9a4053b7f.ppt.
2025-05-06 12:34:10,708 - config - INFO - Avatars fetched successfully
2025-05-06 12:34:13,059 - config - INFO - Voices fetched successfully
2025-05-06 12:34:15,353 - config - INFO - Voices fetched successfully
2025-05-06 12:34:23,989 - config - INFO - Avatars fetched successfully
2025-05-06 12:34:28,537 - config - INFO - Image generated and uploaded successfully: https://res.cloudinary.com/daweb5icr/image/upload/v1746524067/generated_images/lyzo2n1vvazllankprvm.png
2025-05-06 12:34:30,942 - config - INFO - Image generated and uploaded successfully: https://res.cloudinary.com/daweb5icr/image/upload/v1746524070/generated_images/s7iekdjigupuzq09z3w9.png
2025-05-06 12:34:33,680 - config - INFO - Image generated and uploaded successfully: https://res.cloudinary.com/daweb5icr/image/upload/v1746524072/generated_images/v1peow7snup9zlu7zbnx.png
2025-05-06 12:34:36,828 - config - INFO - Image generated and uploaded successfully: https://res.cloudinary.com/daweb5icr/image/upload/v1746524075/generated_images/gjsxq75qkhrj1t5zjpcd.png
2025-05-06 12:34:38,737 - config - INFO - Image generated and uploaded successfully: https://res.cloudinary.com/daweb5icr/image/upload/v1746524077/generated_images/krwceplgviaf1xwshfkn.png
2025-05-06 12:34:40,233 - config - INFO - Image generated and uploaded successfully: https://res.cloudinary.com/daweb5icr/image/upload/v1746524079/generated_images/gvimmvv2cblot9izlezy.png
